2026-09-14 08:00:00 INFO Vehicle startup requested
2026-09-14 08:00:01 INFO Loading vehicle configuration
2026-09-14 08:00:02 INFO Configuration loaded successfully
2026-09-14 08:00:03 INFO Starting system health checks
2026-09-14 08:00:04 WARNING Auxiliary battery voltage slightly low
2026-09-14 08:00:05 INFO Main battery state of charge at 82 percent
2026-09-14 08:00:06 ERROR Front camera initialization failed
2026-09-14 08:00:07 INFO Retrying front camera initialization
2026-09-14 08:00:08 INFO Front camera connection established
2026-09-14 08:00:09 ERROR Rear camera connection timed out
2026-09-14 08:01:00 INFO Starting sensor diagnostics
2026-09-14 08:01:01 INFO Left camera responding
2026-09-14 08:01:02 WARNING Right camera image brightness below threshold
2026-09-14 08:01:03 INFO Front radar responding
2026-09-14 08:01:04 ERROR Rear radar failed self-test
2026-09-14 08:01:05 INFO Restarting rear radar controller
2026-09-14 08:01:06 INFO Rear radar controller restarted
2026-09-14 08:01:07 WARNING Roof sensor temperature approaching limit
2026-09-14 08:01:08 ERROR Roof sensor data stream interrupted
2026-09-14 08:01:09 INFO Sensor diagnostic results saved
2026-09-14 08:02:00 INFO Starting network diagnostics
2026-09-14 08:02:01 INFO Ethernet interface enabled
2026-09-14 08:02:02 INFO Local network address assigned
2026-09-14 08:02:03 WARNING Packet latency above expected range
2026-09-14 08:02:04 ERROR Sensor gateway did not respond
2026-09-14 08:02:05 INFO Retrying sensor gateway connection
2026-09-14 08:02:06 INFO Sensor gateway connection restored
2026-09-14 08:02:07 INFO Checking telemetry connection
2026-09-14 08:02:08 ERROR Telemetry server connection refused
2026-09-14 08:02:09 INFO Telemetry queued for later upload
2026-09-14 08:03:00 INFO Starting battery diagnostics
2026-09-14 08:03:01 WARNING Battery module temperature imbalance detected
2026-09-14 08:03:02 INFO Battery coolant pump activated
2026-09-14 08:03:03 INFO Coolant flow within expected range
2026-09-14 08:03:04 ERROR Battery temperature sensor B unavailable
2026-09-14 08:03:05 INFO Reading backup temperature sensor
2026-09-14 08:03:06 INFO Backup temperature reading received
2026-09-14 08:03:07 WARNING Battery cooling fan speed below target
2026-09-14 08:03:08 ERROR Cooling fan controller communication lost
2026-09-14 08:03:09 INFO Battery diagnostic results saved
2026-09-14 08:04:00 INFO Starting localization checks
2026-09-14 08:04:01 INFO Loading test route map
2026-09-14 08:04:02 INFO Test route map loaded
2026-09-14 08:04:03 WARNING Satellite signal strength low
2026-09-14 08:04:04 ERROR GPS position fix unavailable
2026-09-14 08:04:05 INFO Waiting for updated positioning data
2026-09-14 08:04:06 INFO Inertial sensor responding
2026-09-14 08:04:07 INFO Wheel speed data received
2026-09-14 08:04:08 ERROR Map alignment check failed
2026-09-14 08:04:09 INFO Localization checks marked incomplete
2026-09-14 08:05:00 INFO Starting brake system diagnostics
2026-09-14 08:05:01 WARNING Brake pressure response slower than expected
2026-09-14 08:05:02 INFO Checking brake fluid level sensor
2026-09-14 08:05:03 INFO Brake fluid level within range
2026-09-14 08:05:04 ERROR Front brake pressure sensor unavailable
2026-09-14 08:05:05 INFO Diagnostic retry requested
2026-09-14 08:05:06 INFO Front brake pressure sensor responding
2026-09-14 08:05:07 WARNING Parking brake actuator temperature elevated
2026-09-14 08:05:08 ERROR Parking brake release confirmation missing
2026-09-14 08:05:09 INFO Vehicle motion remains disabled
2026-09-14 08:06:00 INFO Starting steering system diagnostics
2026-09-14 08:06:01 INFO Steering controller responding
2026-09-14 08:06:02 INFO Reading steering angle sensor
2026-09-14 08:06:03 WARNING Steering angle offset above preferred range
2026-09-14 08:06:04 ERROR Steering calibration check failed
2026-09-14 08:06:05 INFO Recording steering diagnostic snapshot
2026-09-14 08:06:06 INFO Diagnostic snapshot saved
2026-09-14 08:06:07 INFO Checking backup steering communication
2026-09-14 08:06:08 ERROR Backup steering communication timed out
2026-09-14 08:06:09 INFO Steering diagnostics completed
2026-09-14 08:07:00 INFO Starting onboard computer checks
2026-09-14 08:07:01 WARNING Processor temperature approaching threshold
2026-09-14 08:07:02 INFO Increasing computer cooling fan speed
2026-09-14 08:07:03 INFO Memory utilization at 62 percent
2026-09-14 08:07:04 ERROR Perception process exited unexpectedly
2026-09-14 08:07:05 INFO Capturing process diagnostic information
2026-09-14 08:07:06 INFO Process diagnostic information saved
2026-09-14 08:07:07 WARNING Available disk space below preferred threshold
2026-09-14 08:07:08 ERROR Diagnostic archive write failed
2026-09-14 08:07:09 INFO Scheduling local storage cleanup
2026-09-14 08:08:00 INFO Starting software configuration checks
2026-09-14 08:08:01 INFO Reading installed software version
2026-09-14 08:08:02 INFO Software version metadata loaded
2026-09-14 08:08:03 WARNING Sensor firmware versions differ
2026-09-14 08:08:04 ERROR Configuration checksum mismatch
2026-09-14 08:08:05 INFO Loading previous configuration snapshot
2026-09-14 08:08:06 INFO Previous configuration snapshot located
2026-09-14 08:08:07 INFO Validating service dependencies
2026-09-14 08:08:08 ERROR Required logging service unavailable
2026-09-14 08:08:09 INFO Software checks marked incomplete
2026-09-14 08:09:00 INFO Preparing diagnostic session summary
2026-09-14 08:09:01 INFO Collecting sensor diagnostic results
2026-09-14 08:09:02 WARNING Remote upload delayed by unstable connection
2026-09-14 08:09:03 INFO Saving session summary locally
2026-09-14 08:09:04 ERROR Remote summary upload failed
2026-09-14 08:09:05 INFO Local session summary saved successfully
2026-09-14 08:09:06 INFO Requesting controlled system shutdown
2026-09-14 08:09:07 INFO Stopping background diagnostic services
2026-09-14 08:09:08 ERROR Telemetry service did not stop within timeout
2026-09-14 08:09:09 INFO Diagnostic session ended with vehicle stationary